// Jest Snapshot v1, https://goo.gl/fbAQLP

exports[`test AccountScreen component 1`] = `
Array [
  <Image
    source={
      Object {
        "testUri": "../../../src/assets/family.jpg",
      }
    }
    style={
      Object {
        "height": "100%",
        "position": "absolute",
        "width": "100%",
      }
    }
  />,
  <View
    style={
      Object {
        "alignItems": "center",
        "flex": 1,
        "justifyContent": "center",
      }
    }
  >
    <Text
      style={
        Object {
          "color": "#FFFFFF",
          "fontFamily": "PlayfairDisplay-SemiBoldItalic",
          "fontSize": 40,
          "paddingBottom": 30,
          "textShadowColor": "black",
          "textShadowOffset": Object {
            "height": 0,
            "width": 0,
          },
          "textShadowRadius": 20,
        }
      }
    >
      My Family Calendar
    </Text>
    <View
      style={
        Object {
          "backgroundColor": "rgba(255, 255, 255, 0.3)",
          "marginTop": 10,
          "padding": 40,
        }
      }
    >
      <View
        accessible={true}
        collapsable={false}
        focusable={true}
        onClick={[Function]}
        onResponderGrant={[Function]}
        onResponderMove={[Function]}
        onResponderRelease={[Function]}
        onResponderTerminate={[Function]}
        onResponderTerminationRequest={[Function]}
        onStartShouldSetResponder={[Function]}
        style={
          Object {
            "backgroundColor": "#C8D6F6",
            "borderRadius": 5,
            "marginBottom": 15,
            "opacity": 1,
            "padding": 15,
          }
        }
      >
        <Text
          style={
            Object {
              "color": "#000000",
              "fontFamily": "Roboto_700Bold",
              "textAlign": "center",
            }
          }
        >
          LOGIN
        </Text>
      </View>
      <View
        accessible={true}
        collapsable={false}
        focusable={true}
        onClick={[Function]}
        onResponderGrant={[Function]}
        onResponderMove={[Function]}
        onResponderRelease={[Function]}
        onResponderTerminate={[Function]}
        onResponderTerminationRequest={[Function]}
        onStartShouldSetResponder={[Function]}
        style={
          Object {
            "backgroundColor": "#C8D6F6",
            "borderRadius": 5,
            "marginBottom": 15,
            "opacity": 1,
            "padding": 15,
          }
        }
      >
        <Text
          style={
            Object {
              "color": "#000000",
              "fontFamily": "Roboto_700Bold",
              "textAlign": "center",
            }
          }
        >
          REGISTER
        </Text>
      </View>
    </View>
  </View>,
]
`;
