// Jest Snapshot v1, https://goo.gl/fbAQLP

exports[`test register 1`] = `
Array [
  <Image
    source={
      Object {
        "testUri": "../../../src/assets/family.jpg",
      }
    }
    style={
      Object {
        "height": "100%",
        "position": "absolute",
        "width": "100%",
      }
    }
  />,
  <View
    style={
      Object {
        "alignItems": "center",
        "flex": 1,
        "justifyContent": "center",
      }
    }
  >
    <View
      style={
        Object {
          "backgroundColor": "rgba(255, 255, 255, 0.1)",
          "height": "100%",
          "position": "absolute",
          "width": "100%",
        }
      }
    />
    <Text
      style={
        Object {
          "color": "#FFFFFF",
          "fontFamily": "PlayfairDisplay-SemiBoldItalic",
          "fontSize": 40,
          "paddingBottom": 30,
          "textShadowColor": "black",
          "textShadowOffset": Object {
            "height": 0,
            "width": 0,
          },
          "textShadowRadius": 20,
        }
      }
    >
      My Family Calendar
    </Text>
    <View
      style={
        Object {
          "backgroundColor": "rgba(255, 255, 255, 0.3)",
          "margin": 20,
          "padding": 40,
        }
      }
    >
      <View
        style={
          Array [
            Object {
              "backgroundColor": "rgb(231, 231, 231)",
              "borderTopLeftRadius": 4,
              "borderTopRightRadius": 4,
            },
            Object {
              "marginTop": 10,
              "width": 300,
            },
          ]
        }
      >
        <View
          collapsable={false}
          style={
            Object {
              "backgroundColor": "rgba(0, 0, 0, 0.26)",
              "bottom": 0,
              "height": 2,
              "left": 0,
              "position": "absolute",
              "right": 0,
              "transform": Array [
                Object {
                  "scaleY": 0.5,
                },
              ],
              "zIndex": 1,
            }
          }
        />
        <View
          style={
            Array [
              Object {
                "paddingBottom": 0,
                "paddingTop": 0,
              },
              Object {
                "minHeight": 64,
              },
            ]
          }
        >
          <View
            collapsable={false}
            pointerEvents="none"
            style={
              Object {
                "bottom": 0,
                "left": 0,
                "opacity": 1,
                "position": "absolute",
                "right": 0,
                "top": 0,
                "transform": Array [
                  Object {
                    "translateX": 0,
                  },
                ],
                "zIndex": 3,
              }
            }
          >
            <Text
              collapsable={false}
              maxFontSizeMultiplier={1.5}
              numberOfLines={1}
              onLayout={[Function]}
              style={
                Object {
                  "color": "#6200ee",
                  "fontFamily": "System",
                  "fontSize": 16,
                  "fontWeight": undefined,
                  "left": 0,
                  "opacity": 0,
                  "paddingLeft": 12,
                  "paddingRight": 12,
                  "position": "absolute",
                  "textAlign": "left",
                  "top": 34,
                  "transform": Array [
                    Object {
                      "translateX": 0,
                    },
                    Object {
                      "translateY": 0,
                    },
                    Object {
                      "scale": 1,
                    },
                  ],
                  "writingDirection": "ltr",
                }
              }
            >
              E-mail
            </Text>
            <Text
              collapsable={false}
              maxFontSizeMultiplier={1.5}
              numberOfLines={1}
              style={
                Object {
                  "color": "rgba(0, 0, 0, 0.54)",
                  "fontFamily": "System",
                  "fontSize": 16,
                  "fontWeight": undefined,
                  "left": 0,
                  "opacity": 0,
                  "paddingLeft": 12,
                  "paddingRight": 12,
                  "position": "absolute",
                  "textAlign": "left",
                  "top": 34,
                  "transform": Array [
                    Object {
                      "translateX": 0,
                    },
                    Object {
                      "translateY": 0,
                    },
                    Object {
                      "scale": 1,
                    },
                  ],
                  "writingDirection": "ltr",
                }
              }
            >
              E-mail
            </Text>
          </View>
          <TextInput
            autoCapitalize="none"
            editable={true}
            keyboardType="email-address"
            maxFontSizeMultiplier={1.5}
            multiline={false}
            onBlur={[Function]}
            onChangeText={[Function]}
            onFocus={[Function]}
            placeholder=""
            placeholderTextColor="rgba(0, 0, 0, 0.54)"
            selectionColor="#6200ee"
            style={
              Array [
                Object {
                  "flexGrow": 1,
                  "margin": 0,
                },
                Object {
                  "paddingLeft": 12,
                  "paddingRight": 12,
                },
                Object {
                  "height": 64,
                },
                Object {
                  "paddingBottom": 4,
                  "paddingTop": 24,
                },
                Object {
                  "color": "#000000",
                  "fontFamily": "System",
                  "fontSize": 16,
                  "fontWeight": undefined,
                  "textAlign": "left",
                  "textAlignVertical": "center",
                },
                false,
                Array [
                  Object {},
                ],
              ]
            }
            testID="text-input-flat"
            textContentType="emailAddress"
            underlineColorAndroid="transparent"
            value=""
          />
        </View>
      </View>
      <View
        style={
          Array [
            Object {
              "backgroundColor": "rgb(231, 231, 231)",
              "borderTopLeftRadius": 4,
              "borderTopRightRadius": 4,
            },
            Object {
              "marginTop": 10,
              "width": 300,
            },
          ]
        }
      >
        <View
          collapsable={false}
          style={
            Object {
              "backgroundColor": "rgba(0, 0, 0, 0.26)",
              "bottom": 0,
              "height": 2,
              "left": 0,
              "position": "absolute",
              "right": 0,
              "transform": Array [
                Object {
                  "scaleY": 0.5,
                },
              ],
              "zIndex": 1,
            }
          }
        />
        <View
          style={
            Array [
              Object {
                "paddingBottom": 0,
                "paddingTop": 0,
              },
              Object {
                "minHeight": 64,
              },
            ]
          }
        >
          <View
            collapsable={false}
            pointerEvents="none"
            style={
              Object {
                "bottom": 0,
                "left": 0,
                "opacity": 1,
                "position": "absolute",
                "right": 0,
                "top": 0,
                "transform": Array [
                  Object {
                    "translateX": 0,
                  },
                ],
                "zIndex": 3,
              }
            }
          >
            <Text
              collapsable={false}
              maxFontSizeMultiplier={1.5}
              numberOfLines={1}
              onLayout={[Function]}
              style={
                Object {
                  "color": "#6200ee",
                  "fontFamily": "System",
                  "fontSize": 16,
                  "fontWeight": undefined,
                  "left": 0,
                  "opacity": 0,
                  "paddingLeft": 12,
                  "paddingRight": 12,
                  "position": "absolute",
                  "textAlign": "left",
                  "top": 34,
                  "transform": Array [
                    Object {
                      "translateX": 0,
                    },
                    Object {
                      "translateY": 0,
                    },
                    Object {
                      "scale": 1,
                    },
                  ],
                  "writingDirection": "ltr",
                }
              }
            >
              Password
            </Text>
            <Text
              collapsable={false}
              maxFontSizeMultiplier={1.5}
              numberOfLines={1}
              style={
                Object {
                  "color": "rgba(0, 0, 0, 0.54)",
                  "fontFamily": "System",
                  "fontSize": 16,
                  "fontWeight": undefined,
                  "left": 0,
                  "opacity": 0,
                  "paddingLeft": 12,
                  "paddingRight": 12,
                  "position": "absolute",
                  "textAlign": "left",
                  "top": 34,
                  "transform": Array [
                    Object {
                      "translateX": 0,
                    },
                    Object {
                      "translateY": 0,
                    },
                    Object {
                      "scale": 1,
                    },
                  ],
                  "writingDirection": "ltr",
                }
              }
            >
              Password
            </Text>
          </View>
          <TextInput
            autoCapitalize="none"
            editable={true}
            maxFontSizeMultiplier={1.5}
            multiline={false}
            onBlur={[Function]}
            onChangeText={[Function]}
            onFocus={[Function]}
            placeholder=""
            placeholderTextColor="rgba(0, 0, 0, 0.54)"
            secureTextEntry={true}
            selectionColor="#6200ee"
            style={
              Array [
                Object {
                  "flexGrow": 1,
                  "margin": 0,
                },
                Object {
                  "paddingLeft": 12,
                  "paddingRight": 12,
                },
                Object {
                  "height": 64,
                },
                Object {
                  "paddingBottom": 4,
                  "paddingTop": 24,
                },
                Object {
                  "color": "#000000",
                  "fontFamily": "System",
                  "fontSize": 16,
                  "fontWeight": undefined,
                  "textAlign": "left",
                  "textAlignVertical": "center",
                },
                false,
                Array [
                  Object {},
                ],
              ]
            }
            testID="text-input-flat"
            textContentType="password"
            underlineColorAndroid="transparent"
            value=""
          />
        </View>
      </View>
      <View
        style={
          Array [
            Object {
              "backgroundColor": "rgb(231, 231, 231)",
              "borderTopLeftRadius": 4,
              "borderTopRightRadius": 4,
            },
            Object {
              "marginTop": 10,
              "width": 300,
            },
          ]
        }
      >
        <View
          collapsable={false}
          style={
            Object {
              "backgroundColor": "rgba(0, 0, 0, 0.26)",
              "bottom": 0,
              "height": 2,
              "left": 0,
              "position": "absolute",
              "right": 0,
              "transform": Array [
                Object {
                  "scaleY": 0.5,
                },
              ],
              "zIndex": 1,
            }
          }
        />
        <View
          style={
            Array [
              Object {
                "paddingBottom": 0,
                "paddingTop": 0,
              },
              Object {
                "minHeight": 64,
              },
            ]
          }
        >
          <View
            collapsable={false}
            pointerEvents="none"
            style={
              Object {
                "bottom": 0,
                "left": 0,
                "opacity": 1,
                "position": "absolute",
                "right": 0,
                "top": 0,
                "transform": Array [
                  Object {
                    "translateX": 0,
                  },
                ],
                "zIndex": 3,
              }
            }
          >
            <Text
              collapsable={false}
              maxFontSizeMultiplier={1.5}
              numberOfLines={1}
              onLayout={[Function]}
              style={
                Object {
                  "color": "#6200ee",
                  "fontFamily": "System",
                  "fontSize": 16,
                  "fontWeight": undefined,
                  "left": 0,
                  "opacity": 0,
                  "paddingLeft": 12,
                  "paddingRight": 12,
                  "position": "absolute",
                  "textAlign": "left",
                  "top": 34,
                  "transform": Array [
                    Object {
                      "translateX": 0,
                    },
                    Object {
                      "translateY": 0,
                    },
                    Object {
                      "scale": 1,
                    },
                  ],
                  "writingDirection": "ltr",
                }
              }
            >
              Repeat Password
            </Text>
            <Text
              collapsable={false}
              maxFontSizeMultiplier={1.5}
              numberOfLines={1}
              style={
                Object {
                  "color": "rgba(0, 0, 0, 0.54)",
                  "fontFamily": "System",
                  "fontSize": 16,
                  "fontWeight": undefined,
                  "left": 0,
                  "opacity": 0,
                  "paddingLeft": 12,
                  "paddingRight": 12,
                  "position": "absolute",
                  "textAlign": "left",
                  "top": 34,
                  "transform": Array [
                    Object {
                      "translateX": 0,
                    },
                    Object {
                      "translateY": 0,
                    },
                    Object {
                      "scale": 1,
                    },
                  ],
                  "writingDirection": "ltr",
                }
              }
            >
              Repeat Password
            </Text>
          </View>
          <TextInput
            autoCapitalize="none"
            editable={true}
            maxFontSizeMultiplier={1.5}
            multiline={false}
            onBlur={[Function]}
            onChangeText={[Function]}
            onFocus={[Function]}
            placeholder=""
            placeholderTextColor="rgba(0, 0, 0, 0.54)"
            secureTextEntry={true}
            selectionColor="#6200ee"
            style={
              Array [
                Object {
                  "flexGrow": 1,
                  "margin": 0,
                },
                Object {
                  "paddingLeft": 12,
                  "paddingRight": 12,
                },
                Object {
                  "height": 64,
                },
                Object {
                  "paddingBottom": 4,
                  "paddingTop": 24,
                },
                Object {
                  "color": "#000000",
                  "fontFamily": "System",
                  "fontSize": 16,
                  "fontWeight": undefined,
                  "textAlign": "left",
                  "textAlignVertical": "center",
                },
                false,
                Array [
                  Object {},
                ],
              ]
            }
            testID="text-input-flat"
            textContentType="password"
            underlineColorAndroid="transparent"
            value=""
          />
        </View>
      </View>
      <View
        accessible={true}
        collapsable={false}
        focusable={true}
        onClick={[Function]}
        onResponderGrant={[Function]}
        onResponderMove={[Function]}
        onResponderRelease={[Function]}
        onResponderTerminate={[Function]}
        onResponderTerminationRequest={[Function]}
        onStartShouldSetResponder={[Function]}
        style={
          Object {
            "backgroundColor": "#C8D6F6",
            "borderRadius": 5,
            "margin": 15,
            "opacity": 1,
            "padding": 15,
          }
        }
      >
        <Text
          style={
            Object {
              "color": "#000000",
              "fontFamily": "Roboto_700Bold",
              "textAlign": "center",
            }
          }
        >
          REGISTER
        </Text>
      </View>
    </View>
    <View
      accessible={true}
      collapsable={false}
      focusable={true}
      onClick={[Function]}
      onResponderGrant={[Function]}
      onResponderMove={[Function]}
      onResponderRelease={[Function]}
      onResponderTerminate={[Function]}
      onResponderTerminationRequest={[Function]}
      onStartShouldSetResponder={[Function]}
      style={
        Object {
          "backgroundColor": "#C8D6F6",
          "borderRadius": 5,
          "margin": 15,
          "opacity": 1,
          "padding": 15,
        }
      }
    >
      <Text
        style={
          Object {
            "color": "#000000",
            "fontFamily": "Roboto_700Bold",
            "textAlign": "center",
          }
        }
      >
        GO BACK
      </Text>
    </View>
  </View>,
]
`;
