// Jest Snapshot v1, https://goo.gl/fbAQLP

exports[`test SafeArea component 1`] = `
<RCTSafeAreaView
  emulateUnlessSupported={true}
  style={
    Array [
      Object {
        "backgroundColor": "#4A6EBF",
        "flexBasis": 0,
        "flexGrow": 1,
        "flexShrink": 1,
      },
    ]
  }
  theme={
    Object {
      "colors": Object {
        "Primary_Color": "red",
      },
    }
  }
/>
`;
